// Jest Snapshot v1, https://goo.gl/fbAQLP

exports[`Landing Landing snapshot 1`] = `
<div>
  <h1>
    Landing page
  </h1>
  <ul>
    <li>
      <a
        href="/dashboard"
        onClick={[Function]}
      >
        Click me for dashboard
      </a>
    </li>
    <li>
      <a
        href="/secure/pairing"
        onClick={[Function]}
      >
        Click me for secure/pairing
      </a>
    </li>
    <li>
      <a
        href="/secure/messaging"
        onClick={[Function]}
      >
        Click me for messaging
      </a>
    </li>
    <li>
      <a
        href="/wishlist"
        onClick={[Function]}
      >
        Click me for wishlistPublic
      </a>
    </li>
    <li>
      <a
        href="/secure/wishlist"
        onClick={[Function]}
      >
        Click me for secure/wishlistPrivate
      </a>
    </li>
    <li>
      <a
        href="/secure/org"
        onClick={[Function]}
      >
        Click me for secure/org
      </a>
    </li>
    <li>
      <a
        href="/aboutus"
        onClick={[Function]}
      >
        Click me for about us
      </a>
    </li>
    <li>
      <a
        href="/registration"
        onClick={[Function]}
      >
        <button>
          Register
        </button>
      </a>
    </li>
  </ul>
  <p>
    Aliquip laborum dolor cupidatat tempor ad laborum laboris minim nisi consequat cillum eiusmod eiusmod sit amet in exercitation aliquip in commodo aliqua tempor eu veniam do ut ut magna deserunt amet cillum magna veniam eiusmod in exercitation in magna quis anim quis incididunt voluptate mollit sit fugiat qui quis minim in adipisicing commodo nisi mollit fugiat cillum eu occaecat sed eiusmod consectetur quis officia ut laborum eu aliquip ut aliquip veniam incididunt incididunt in do deserunt voluptate fugiat eu et non nisi nostrud aliquip dolor deserunt dolor magna duis ad laborum sit excepteur ut deserunt do duis eu occaecat laborum anim et cillum laboris consequat nisi fugiat esse magna ut aliquip dolor culpa ut reprehenderit veniam ut ut culpa esse irure magna mollit cillum sit aliqua est ut non enim duis commodo proident amet pariatur laboris aliquip dolor et veniam qui anim ullamco ex exercitation qui elit occaecat in nisi cillum proident aliquip est occaecat ut elit.
  </p>
  <p>
    Aliquip laborum dolor cupidatat tempor ad laborum laboris minim nisi consequat cillum eiusmod eiusmod sit amet in exercitation aliquip in commodo aliqua tempor eu veniam do ut ut magna deserunt amet cillum magna veniam eiusmod in exercitation in magna quis anim quis incididunt voluptate mollit sit fugiat qui quis minim in adipisicing commodo nisi mollit fugiat cillum eu occaecat sed eiusmod consectetur quis officia ut laborum eu aliquip ut aliquip veniam incididunt incididunt in do deserunt voluptate fugiat eu et non nisi nostrud aliquip dolor deserunt dolor magna duis ad laborum sit excepteur ut deserunt do duis eu occaecat laborum anim et cillum laboris consequat nisi fugiat esse magna ut aliquip dolor culpa ut reprehenderit veniam ut ut culpa esse irure magna mollit cillum sit aliqua est ut non enim duis commodo proident amet pariatur laboris aliquip dolor et veniam qui anim ullamco ex exercitation qui elit occaecat in nisi cillum proident aliquip est occaecat ut elit.
  </p>
  <p>
    Aliquip laborum dolor cupidatat tempor ad laborum laboris minim nisi consequat cillum eiusmod eiusmod sit amet in exercitation aliquip in commodo aliqua tempor eu veniam do ut ut magna deserunt amet cillum magna veniam eiusmod in exercitation in magna quis anim quis incididunt voluptate mollit sit fugiat qui quis minim in adipisicing commodo nisi mollit fugiat cillum eu occaecat sed eiusmod consectetur quis officia ut laborum eu aliquip ut aliquip veniam incididunt incididunt in do deserunt voluptate fugiat eu et non nisi nostrud aliquip dolor deserunt dolor magna duis ad laborum sit excepteur ut deserunt do duis eu occaecat laborum anim et cillum laboris consequat nisi fugiat esse magna ut aliquip dolor culpa ut reprehenderit veniam ut ut culpa esse irure magna mollit cillum sit aliqua est ut non enim duis commodo proident amet pariatur laboris aliquip dolor et veniam qui anim ullamco ex exercitation qui elit occaecat in nisi cillum proident aliquip est occaecat ut elit.
  </p>
  <p>
    Aliquip laborum dolor cupidatat tempor ad laborum laboris minim nisi consequat cillum eiusmod eiusmod sit amet in exercitation aliquip in commodo aliqua tempor eu veniam do ut ut magna deserunt amet cillum magna veniam eiusmod in exercitation in magna quis anim quis incididunt voluptate mollit sit fugiat qui quis minim in adipisicing commodo nisi mollit fugiat cillum eu occaecat sed eiusmod consectetur quis officia ut laborum eu aliquip ut aliquip veniam incididunt incididunt in do deserunt voluptate fugiat eu et non nisi nostrud aliquip dolor deserunt dolor magna duis ad laborum sit excepteur ut deserunt do duis eu occaecat laborum anim et cillum laboris consequat nisi fugiat esse magna ut aliquip dolor culpa ut reprehenderit veniam ut ut culpa esse irure magna mollit cillum sit aliqua est ut non enim duis commodo proident amet pariatur laboris aliquip dolor et veniam qui anim ullamco ex exercitation qui elit occaecat in nisi cillum proident aliquip est occaecat ut elit.
  </p>
  <p>
    Aliquip laborum dolor cupidatat tempor ad laborum laboris minim nisi consequat cillum eiusmod eiusmod sit amet in exercitation aliquip in commodo aliqua tempor eu veniam do ut ut magna deserunt amet cillum magna veniam eiusmod in exercitation in magna quis anim quis incididunt voluptate mollit sit fugiat qui quis minim in adipisicing commodo nisi mollit fugiat cillum eu occaecat sed eiusmod consectetur quis officia ut laborum eu aliquip ut aliquip veniam incididunt incididunt in do deserunt voluptate fugiat eu et non nisi nostrud aliquip dolor deserunt dolor magna duis ad laborum sit excepteur ut deserunt do duis eu occaecat laborum anim et cillum laboris consequat nisi fugiat esse magna ut aliquip dolor culpa ut reprehenderit veniam ut ut culpa esse irure magna mollit cillum sit aliqua est ut non enim duis commodo proident amet pariatur laboris aliquip dolor et veniam qui anim ullamco ex exercitation qui elit occaecat in nisi cillum proident aliquip est occaecat ut elit.
  </p>
  <p>
    Aliquip laborum dolor cupidatat tempor ad laborum laboris minim nisi consequat cillum eiusmod eiusmod sit amet in exercitation aliquip in commodo aliqua tempor eu veniam do ut ut magna deserunt amet cillum magna veniam eiusmod in exercitation in magna quis anim quis incididunt voluptate mollit sit fugiat qui quis minim in adipisicing commodo nisi mollit fugiat cillum eu occaecat sed eiusmod consectetur quis officia ut laborum eu aliquip ut aliquip veniam incididunt incididunt in do deserunt voluptate fugiat eu et non nisi nostrud aliquip dolor deserunt dolor magna duis ad laborum sit excepteur ut deserunt do duis eu occaecat laborum anim et cillum laboris consequat nisi fugiat esse magna ut aliquip dolor culpa ut reprehenderit veniam ut ut culpa esse irure magna mollit cillum sit aliqua est ut non enim duis commodo proident amet pariatur laboris aliquip dolor et veniam qui anim ullamco ex exercitation qui elit occaecat in nisi cillum proident aliquip est occaecat ut elit.
  </p>
  <p>
    Aliquip laborum dolor cupidatat tempor ad laborum laboris minim nisi consequat cillum eiusmod eiusmod sit amet in exercitation aliquip in commodo aliqua tempor eu veniam do ut ut magna deserunt amet cillum magna veniam eiusmod in exercitation in magna quis anim quis incididunt voluptate mollit sit fugiat qui quis minim in adipisicing commodo nisi mollit fugiat cillum eu occaecat sed eiusmod consectetur quis officia ut laborum eu aliquip ut aliquip veniam incididunt incididunt in do deserunt voluptate fugiat eu et non nisi nostrud aliquip dolor deserunt dolor magna duis ad laborum sit excepteur ut deserunt do duis eu occaecat laborum anim et cillum laboris consequat nisi fugiat esse magna ut aliquip dolor culpa ut reprehenderit veniam ut ut culpa esse irure magna mollit cillum sit aliqua est ut non enim duis commodo proident amet pariatur laboris aliquip dolor et veniam qui anim ullamco ex exercitation qui elit occaecat in nisi cillum proident aliquip est occaecat ut elit.
  </p>
  <p>
    Aliquip laborum dolor cupidatat tempor ad laborum laboris minim nisi consequat cillum eiusmod eiusmod sit amet in exercitation aliquip in commodo aliqua tempor eu veniam do ut ut magna deserunt amet cillum magna veniam eiusmod in exercitation in magna quis anim quis incididunt voluptate mollit sit fugiat qui quis minim in adipisicing commodo nisi mollit fugiat cillum eu occaecat sed eiusmod consectetur quis officia ut laborum eu aliquip ut aliquip veniam incididunt incididunt in do deserunt voluptate fugiat eu et non nisi nostrud aliquip dolor deserunt dolor magna duis ad laborum sit excepteur ut deserunt do duis eu occaecat laborum anim et cillum laboris consequat nisi fugiat esse magna ut aliquip dolor culpa ut reprehenderit veniam ut ut culpa esse irure magna mollit cillum sit aliqua est ut non enim duis commodo proident amet pariatur laboris aliquip dolor et veniam qui anim ullamco ex exercitation qui elit occaecat in nisi cillum proident aliquip est occaecat ut elit.
  </p>
</div>
`;
