// Jest Snapshot v1, https://goo.gl/fbAQLP

exports[`Form Form snapshot 1`] = `
<div>
  <div
    className="contact"
  >
    <form>
      <div
        className="form-item"
      >
        <span
          className="contact-label"
        >
          First Name
        </span>
        <input
          className={undefined}
          maxLength={undefined}
          name="firstName"
          onChange={undefined}
          pattern={undefined}
          placeholder={undefined}
          size={undefined}
          title={undefined}
          type="text"
        />
      </div>
      <div
        className="form-item"
      >
        <span
          className="contact-label"
        >
          Middle Initial
        </span>
        <input
          className={undefined}
          maxLength="1"
          name="middleInitial"
          onChange={undefined}
          pattern={undefined}
          placeholder={undefined}
          size={undefined}
          title={undefined}
          type="text"
        />
      </div>
      <div
        className="form-item"
      >
        <span
          className="contact-label"
        >
          Last Name
        </span>
        <input
          className={undefined}
          maxLength={undefined}
          name="lastName"
          onChange={undefined}
          pattern={undefined}
          placeholder={undefined}
          size={undefined}
          title={undefined}
          type="text"
        />
      </div>
      <div
        className="form-item"
      >
        <span
          className="contact-label"
        >
          Address
        </span>
        <input
          className={undefined}
          maxLength={undefined}
          name="address"
          onChange={undefined}
          pattern={undefined}
          placeholder={undefined}
          size={undefined}
          title={undefined}
          type="text"
        />
      </div>
      <div
        className="form-item"
      >
        <span
          className="contact-label"
        >
          City
        </span>
        <input
          className={undefined}
          maxLength={undefined}
          name="city"
          onChange={undefined}
          pattern={undefined}
          placeholder={undefined}
          size={undefined}
          title={undefined}
          type="text"
        />
      </div>
      <div
        className="form-item"
      >
        <span
          className="contact-label"
        >
          State
        </span>
        <select>
          <option
            name="AK"
            value="AK"
          >
            AK
          </option>
          <option
            name="AL"
            value="AL"
          >
            AL
          </option>
          <option
            name="AZ"
            value="AZ"
          >
            AZ
          </option>
          <option
            name="AR"
            value="AR"
          >
            AR
          </option>
          <option
            name="CA"
            value="CA"
          >
            CA
          </option>
          <option
            name="CO"
            value="CO"
          >
            CO
          </option>
          <option
            name="CT"
            value="CT"
          >
            CT
          </option>
          <option
            name="DE"
            value="DE"
          >
            DE
          </option>
          <option
            name="FL"
            value="FL"
          >
            FL
          </option>
          <option
            name="GA"
            value="GA"
          >
            GA
          </option>
          <option
            name="HI"
            value="HI"
          >
            HI
          </option>
          <option
            name="ID"
            value="ID"
          >
            ID
          </option>
          <option
            name="IL"
            value="IL"
          >
            IL
          </option>
          <option
            name="IN"
            value="IN"
          >
            IN
          </option>
          <option
            name="IA"
            value="IA"
          >
            IA
          </option>
          <option
            name="KS"
            value="KS"
          >
            KS
          </option>
          <option
            name="KY"
            value="KY"
          >
            KY
          </option>
          <option
            name="LA"
            value="LA"
          >
            LA
          </option>
          <option
            name="ME"
            value="ME"
          >
            ME
          </option>
          <option
            name="MD"
            value="MD"
          >
            MD
          </option>
          <option
            name="MA"
            value="MA"
          >
            MA
          </option>
          <option
            name="MI"
            value="MI"
          >
            MI
          </option>
          <option
            name="MN"
            value="MN"
          >
            MN
          </option>
          <option
            name="MS"
            value="MS"
          >
            MS
          </option>
          <option
            name="MO"
            value="MO"
          >
            MO
          </option>
          <option
            name="MT"
            value="MT"
          >
            MT
          </option>
          <option
            name="NE"
            value="NE"
          >
            NE
          </option>
          <option
            name="NV"
            value="NV"
          >
            NV
          </option>
          <option
            name="NH"
            value="NH"
          >
            NH
          </option>
          <option
            name="NJ"
            value="NJ"
          >
            NJ
          </option>
          <option
            name="NM"
            value="NM"
          >
            NM
          </option>
          <option
            name="NY"
            value="NY"
          >
            NY
          </option>
          <option
            name="NC"
            value="NC"
          >
            NC
          </option>
          <option
            name="ND"
            value="ND"
          >
            ND
          </option>
          <option
            name="OH"
            value="OH"
          >
            OH
          </option>
          <option
            name="OK"
            value="OK"
          >
            OK
          </option>
          <option
            name="OR"
            value="OR"
          >
            OR
          </option>
          <option
            name="PA"
            value="PA"
          >
            PA
          </option>
          <option
            name="RI"
            value="RI"
          >
            RI
          </option>
          <option
            name="SC"
            value="SC"
          >
            SC
          </option>
          <option
            name="SD"
            value="SD"
          >
            SD
          </option>
          <option
            name="TN"
            value="TN"
          >
            TN
          </option>
          <option
            name="TX"
            value="TX"
          >
            TX
          </option>
          <option
            name="UT"
            value="UT"
          >
            UT
          </option>
          <option
            name="VT"
            value="VT"
          >
            VT
          </option>
          <option
            name="VA"
            value="VA"
          >
            VA
          </option>
          <option
            name="WA"
            value="WA"
          >
            WA
          </option>
          <option
            name="WV"
            value="WV"
          >
            WV
          </option>
          <option
            name="WI"
            value="WI"
          >
            WI
          </option>
          <option
            name="WY"
            value="WY"
          >
            WY
          </option>
        </select>
      </div>
      <div
        className="form-item"
      >
        <span
          className="contact-label"
        >
          Account Type
        </span>
        <select>
          <option
            name="Donator"
            value="Donator"
          >
            Donator
          </option>
          <option
            name="Family"
            value="Family"
          >
            Family
          </option>
          <option
            name="Organizer"
            value="Organizer"
          >
            Organizer
          </option>
        </select>
      </div>
      <div
        className="form-item"
      >
        <span
          className="contact-label"
        >
          Email
        </span>
        <input
          className={undefined}
          maxLength={undefined}
          name="email"
          onChange={[Function]}
          pattern="[a-z0-9._%+-]+@[a-z0-9.-]+\\\\.[a-z]{2,3}$"
          placeholder={undefined}
          size={undefined}
          title={undefined}
          type="email"
        />
      </div>
      <div
        className="form-item"
      >
        <span
          className="contact-label"
        >
          Confirm Email
        </span>
        <input
          className="emailInvalid"
          maxLength={undefined}
          name="confirmEmail"
          onChange={[Function]}
          pattern="[a-z0-9._%+-]+@[a-z0-9.-]+\\\\.[a-z]{2,3}$"
          placeholder={undefined}
          size={undefined}
          title={undefined}
          type="email"
        />
      </div>
      <div
        className="form-item"
      >
        <span
          className="contact-label"
        >
          Password:
        </span>
        <input
          className={undefined}
          maxLength={undefined}
          name="password"
          onChange={undefined}
          pattern=".{6,}"
          placeholder={undefined}
          size={undefined}
          title="Must be at least 6 characters."
          type="password"
        />
      </div>
      <div
        className="form-item"
      >
        <span
          className="contact-label"
        >
          Confirm Password
        </span>
        <input
          className={undefined}
          maxLength={undefined}
          name={undefined}
          onChange={undefined}
          pattern=".{6,}"
          placeholder={undefined}
          size={undefined}
          title="Must be at least 6 characters"
          type="password"
        />
      </div>
      <div
        className="form-item"
      >
        <button
          onClick={[Function]}
          type="submit"
        >
          SUBMIT
        </button>
      </div>
    </form>
  </div>
</div>
`;
