// Jest Snapshot v1, https://goo.gl/fbAQLP

exports[`Main Main snapshot 1`] = `
<div>
  <div
    className="header-text"
  >
    <Link
      replace={false}
      to="/"
    >
      Adopt A Family
    </Link>
  </div>
  <div
    className="header-links"
  >
    <div
      className="header-mission"
    >
      Mission
    </div>
    <div
      className="header-family"
    >
      Our Families
    </div>
    <div
      className="header-about"
    >
      <Link
        replace={false}
        to="/aboutus"
      >
        About us
      </Link>
    </div>
    <div
      className="header-donate"
    >
      Donate
    </div>
    <Link
      replace={false}
      to="/registration"
    >
      <button
        className="button-login"
      >
        ADOPT A FAMILY
      </button>
    </Link>
  </div>
</div>
`;
