// Jest Snapshot v1, https://goo.gl/fbAQLP

exports[`Main Main snapshot 1`] = `
<div>
  <AppBar
    onLeftIconButtonTouchTap={[Function]}
    showMenuIconButton={true}
    title={
      <Link
        replace={false}
        style={
          Object {
            "color": "#ffffff",
            "textDecoration": "none",
          }
        }
        to="/"
      >
        Adopt-a-Family
      </Link>
    }
    zDepth={1}
  />
  <Drawer
    disableSwipeToOpen={false}
    docked={false}
    onRequestChange={[Function]}
    open={false}
    openSecondary={false}
    swipeAreaWidth={30}
    width={null}
    zDepth={2}
  >
    <Link
      replace={false}
      to="/"
    >
      <MenuItem
        anchorOrigin={
          Object {
            "horizontal": "right",
            "vertical": "top",
          }
        }
        checked={false}
        desktop={false}
        disabled={false}
        focusState="none"
        insetChildren={false}
        targetOrigin={
          Object {
            "horizontal": "left",
            "vertical": "top",
          }
        }
      >
        Home
      </MenuItem>
    </Link>
    <Link
      replace={false}
      to="/dashboard"
    >
      <MenuItem
        anchorOrigin={
          Object {
            "horizontal": "right",
            "vertical": "top",
          }
        }
        checked={false}
        desktop={false}
        disabled={false}
        focusState="none"
        insetChildren={false}
        targetOrigin={
          Object {
            "horizontal": "left",
            "vertical": "top",
          }
        }
      >
        Dashboard
      </MenuItem>
    </Link>
    <Link
      replace={false}
      to="/wishlist"
    >
      <MenuItem
        anchorOrigin={
          Object {
            "horizontal": "right",
            "vertical": "top",
          }
        }
        checked={false}
        desktop={false}
        disabled={false}
        focusState="none"
        insetChildren={false}
        targetOrigin={
          Object {
            "horizontal": "left",
            "vertical": "top",
          }
        }
      >
        Wishlist
      </MenuItem>
    </Link>
    <Link
      replace={false}
      to="/aboutus"
    >
      <MenuItem
        anchorOrigin={
          Object {
            "horizontal": "right",
            "vertical": "top",
          }
        }
        checked={false}
        desktop={false}
        disabled={false}
        focusState="none"
        insetChildren={false}
        targetOrigin={
          Object {
            "horizontal": "left",
            "vertical": "top",
          }
        }
      >
        About Us
      </MenuItem>
    </Link>
    <Link
      replace={false}
      to="/secure/wishlist"
    >
      <MenuItem
        anchorOrigin={
          Object {
            "horizontal": "right",
            "vertical": "top",
          }
        }
        checked={false}
        desktop={false}
        disabled={false}
        focusState="none"
        insetChildren={false}
        targetOrigin={
          Object {
            "horizontal": "left",
            "vertical": "top",
          }
        }
      >
        Wishlist Secure
      </MenuItem>
       
    </Link>
    <Link
      replace={false}
      to="/secure/pairing"
    >
      <MenuItem
        anchorOrigin={
          Object {
            "horizontal": "right",
            "vertical": "top",
          }
        }
        checked={false}
        desktop={false}
        disabled={false}
        focusState="none"
        insetChildren={false}
        targetOrigin={
          Object {
            "horizontal": "left",
            "vertical": "top",
          }
        }
      >
        Pairing
      </MenuItem>
       
    </Link>
    <Link
      replace={false}
      to="/secure/messaging"
    >
      <MenuItem
        anchorOrigin={
          Object {
            "horizontal": "right",
            "vertical": "top",
          }
        }
        checked={false}
        desktop={false}
        disabled={false}
        focusState="none"
        insetChildren={false}
        targetOrigin={
          Object {
            "horizontal": "left",
            "vertical": "top",
          }
        }
      >
        Messaging
      </MenuItem>
       
    </Link>
    <Link
      replace={false}
      to="/secure/org"
    >
      <MenuItem
        anchorOrigin={
          Object {
            "horizontal": "right",
            "vertical": "top",
          }
        }
        checked={false}
        desktop={false}
        disabled={false}
        focusState="none"
        insetChildren={false}
        targetOrigin={
          Object {
            "horizontal": "left",
            "vertical": "top",
          }
        }
      >
        Org
      </MenuItem>
       
    </Link>
  </Drawer>
</div>
`;
