// Jest Snapshot v1, https://goo.gl/fbAQLP

exports[`Main Main snapshot 1`] = `
<div
  className="header-container"
>
  <div
    className="col-3 header-group header-text"
  >
    <Link
      replace={false}
      to="/"
    >
      Adopt A Family
    </Link>
  </div>
  <div
    className="col-8 header-group header-links-group"
  >
    <Link
      className="header-links"
      replace={false}
      to="/mission"
    >
      Mission
    </Link>
    <Link
      className="header-links"
      replace={false}
      to="/families"
    >
      Our Families
    </Link>
    <Link
      className="header-links"
      replace={false}
      to="/aboutus"
    >
      About us
    </Link>
    <Link
      className="header-links"
      replace={false}
      to="/donate"
    >
      Donate
    </Link>
    <Link
      className="header-links"
      replace={false}
      to="/registration"
    >
      <button
        className="btn-registration"
      >
        Adopt A Family
      </button>
    </Link>
  </div>
</div>
`;
